------------------------------------------------------------
TimeQuest Timing Analyzer Summary
------------------------------------------------------------

Type  : Slow 1200mV 100C Model Setup 'pll_8MIn|altpll_component|auto_generated|pll1|clk[0]'
Slack : 7.506
TNS   : 0.000

Type  : Slow 1200mV 100C Model Hold 'pll_8MIn|altpll_component|auto_generated|pll1|clk[0]'
Slack : 0.215
TNS   : 0.000

Type  : Slow 1200mV 100C Model Minimum Pulse Width 'pll_8MIn|altpll_component|auto_generated|pll1|clk[0]'
Slack : 9.658
TNS   : 0.000

Type  : Slow 1200mV 100C Model Minimum Pulse Width 'clk'
Slack : 62.390
TNS   : 0.000

Type  : Slow 1200mV -40C Model Setup 'pll_8MIn|altpll_component|auto_generated|pll1|clk[0]'
Slack : 9.114
TNS   : 0.000

Type  : Slow 1200mV -40C Model Hold 'pll_8MIn|altpll_component|auto_generated|pll1|clk[0]'
Slack : 0.196
TNS   : 0.000

Type  : Slow 1200mV -40C Model Minimum Pulse Width 'pll_8MIn|altpll_component|auto_generated|pll1|clk[0]'
Slack : 9.662
TNS   : 0.000

Type  : Slow 1200mV -40C Model Minimum Pulse Width 'clk'
Slack : 62.433
TNS   : 0.000

Type  : Fast 1200mV -40C Model Setup 'pll_8MIn|altpll_component|auto_generated|pll1|clk[0]'
Slack : 14.900
TNS   : 0.000

Type  : Fast 1200mV -40C Model Hold 'pll_8MIn|altpll_component|auto_generated|pll1|clk[0]'
Slack : 0.065
TNS   : 0.000

Type  : Fast 1200mV -40C Model Minimum Pulse Width 'pll_8MIn|altpll_component|auto_generated|pll1|clk[0]'
Slack : 9.720
TNS   : 0.000

Type  : Fast 1200mV -40C Model Minimum Pulse Width 'clk'
Slack : 62.176
TNS   : 0.000

------------------------------------------------------------
